exports[`AppHeaderBar should render its name 1`] = `
<div
  className={undefined}>
  <div
    className={undefined}>
    <a
      className={undefined}
      onClick={[Function bound handleClick]}
      style={Object {}} />
  </div>
  <div
    className={undefined}>
    <div
      className="dropdown btn-group">
      <a
        aria-expanded={false}
        aria-haspopup={true}
        className="btn btn-inverse dropdown-toggle"
        href=""
        id="usermenu"
        onClick={[Function bound handleClick]}
        onKeyDown={[Function bound handleKeyDown]}
        role="button">
        <i
          className="fa fa-fw icon-profile" />
        Micke TUCHEN
         
        <span
          className="caret" />
      </a>
      <ul
        aria-labelledby="usermenu"
        className="dropdown-menu dropdown-menu-right"
        role="menu" />
    </div>
  </div>
</div>
`;
