exports[`Drawers should render 1`] = `
<div
  className="tc-layout-drawers">
  <div
    className="react-addons-css-transition-group">
    <div
      className="tc-layout-drawers-drawer">
      <div>
        <h1>
          Hello drawers
        </h1>
        <p>
          You should not being able to read this because I\'m first
        </p>
      </div>
    </div>
    <div
      className="tc-layout-drawers-drawer">
      <div>
        <h1>
          Hello drawers
        </h1>
        <p>
          The content dictate the width
        </p>
      </div>
    </div>
  </div>
</div>
`;

exports[`Drawers should render without drawers 1`] = `
<div
  className="tc-layout-drawers">
  <div
    className="react-addons-css-transition-group" />
</div>
`;
