// Jest Snapshot v1, https://goo.gl/fbAQLP

exports[`ZoomHandler renders correctly <ZoomHandler /> renders correctly <ZoomHandler /> renders correctly 1`] = `
<g
  height="100%"
  width="100%"
  x="0"
  y="0"
>
  <rect
    height="100%"
    style={
      Object {
        "fill": "none",
        "pointerEvents": "all",
      }
    }
    width="100%"
    x="0"
    y="0"
  />
  <rect
    transform="translate(0, 0) scale(1)"
    transformData={
      Object {
        "k": 1,
        "x": 0,
        "y": 0,
      }
    }
  />
  <rect
    transform="translate(0, 0) scale(1)"
    transformData={
      Object {
        "k": 1,
        "x": 0,
        "y": 0,
      }
    }
  />
</g>
`;
