exports[`Grid.component should render a grid by default 1`] = `
<g>
  <defs>
    <pattern
      fill="none"
      height={10}
      id="smallGrid"
      patternUnits="userSpaceOnUse"
      stroke="#BFBDBD"
      strokeWidth="0.5"
      width={10}>
      <path
        d="M 10 0 L 0 0 0 10" />
    </pattern>
    <pattern
      fill="none"
      height={62.5}
      id="grid"
      patternUnits="userSpaceOnUse"
      stroke="#BFBDBD"
      strokeWidth="0.5"
      width={62.5}
      x={0}
      y={0}>
      <rect
        fill="url(#smallGrid)"
        fillOpacity={1}
        height={62.5}
        width={62.5} />
      <path
        d="M 62.5 0 L 0 0 0 62.5" />
    </pattern>
  </defs>
  <rect
    fill="url(#grid)"
    height="100%"
    style={
      Object {
        "pointerEvents": "none",
      }
    }
    width="100%"
    x="0"
    y="0" />
</g>
`;

exports[`Grid.component should render custom component with transform injected 1`] = `
<g>
  <defs>
    <pattern
      fill="none"
      height={10}
      id="smallGrid"
      patternUnits="userSpaceOnUse"
      stroke="#BFBDBD"
      strokeWidth="0.5"
      width={10}>
      <path
        d="M 10 0 L 0 0 0 10" />
    </pattern>
    <pattern
      fill="none"
      height={62.5}
      id="grid"
      patternUnits="userSpaceOnUse"
      stroke="#BFBDBD"
      strokeWidth="0.5"
      width={62.5}
      x={0}
      y={0}>
      <rect
        fill="url(#smallGrid)"
        fillOpacity={1}
        height={62.5}
        width={62.5} />
      <path
        d="M 62.5 0 L 0 0 0 62.5" />
    </pattern>
  </defs>
  <rect
    fill="url(#grid)"
    height="100%"
    style={
      Object {
        "pointerEvents": "none",
      }
    }
    width="100%"
    x="0"
    y="0" />
</g>
`;
