// Jest Snapshot v1, https://goo.gl/fbAQLP

exports[`Grid.component should render a grid by default 1`] = `
<g>
  <defs>
    <pattern
      fill="none"
      height={40}
      id="grid"
      patternUnits="userSpaceOnUse"
      stroke="#BFBDBD"
      strokeWidth="0.5"
      width={40}
      x={0}
      y={0}
    >
      <rect
        height={40}
        width={40}
      />
      <path
        d="M 40 0 L 0 0 0 40"
      />
    </pattern>
  </defs>
  <rect
    fill="url(#grid)"
    height="100%"
    style={
      Object {
        "pointerEvents": "none",
      }
    }
    width="100%"
    x="0"
    y="0"
  />
</g>
`;

exports[`Grid.component should render custom component with transform injected 1`] = `
<g>
  <defs>
    <pattern
      fill="none"
      height={40}
      id="grid"
      patternUnits="userSpaceOnUse"
      stroke="#BFBDBD"
      strokeWidth="0.5"
      width={40}
      x={0}
      y={0}
    >
      <rect
        height={40}
        width={40}
      />
      <path
        d="M 40 0 L 0 0 0 40"
      />
    </pattern>
  </defs>
  <rect
    fill="url(#grid)"
    height="100%"
    style={
      Object {
        "pointerEvents": "none",
      }
    }
    width="100%"
    x="0"
    y="0"
  />
</g>
`;
