// Jest Snapshot v1, https://goo.gl/fbAQLP

exports[`BadgeText should mount a default badge 1`] = `
<div class="tc-badge theme-tc-badge tc-badge-display-large theme-tc-badge-display-large tc-badge-faceted theme-tc-badge-faceted theme-tc-badge-faceted theme-tc-badge-faceted tc-badge-readonly theme-tc-badge-readonly">
  <div id="tc-badge-select-myId-badge-text"
       class="tc-badge-button theme-tc-badge-button"
  >
    <span aria-label="My Label"
          class="tc-badge-category theme-tc-badge-category"
          aria-describedby="42"
    >
      My Label
    </span>
    <div class="tc-badge-operator theme-tc-badge-operator tc-badge-operator-large theme-tc-badge-operator-large">
      <div class="tc-badge-operator-button theme-tc-badge-operator-button">
        <button id="myId-badge-text-operator-action-overlay"
                aria-label="Does not contain"
                type="button"
                aria-describedby="42"
                class="btn btn-link"
        >
          <svg name="talend-not-equal"
               class="theme-tc-svg-icon tc-svg-icon tc-badge-link-plus-icon theme-tc-badge-link-plus-icon"
               focusable="false"
               aria-hidden="true"
          >
          </svg>
        </button>
      </div>
    </div>
    <div class="tc-badge-faceted-overlay theme-tc-badge-faceted-overlay">
      <button id="myId-badge-text-action-overlay"
              aria-label="All"
              type="button"
              class="btn btn-link"
      >
        <span>
          All
        </span>
      </button>
    </div>
    <button role="button"
            aria-label="Remove filter"
            id="tc-badge-delete-myId-badge-text"
            data-feature="filter.remove"
            aria-describedby="42"
            type="button"
            class="tc-badge-delete-icon theme-tc-badge-delete-icon btn-icon-only btn btn-link"
    >
      <svg name="talend-cross"
           class="theme-tc-svg-icon tc-svg-icon"
           focusable="false"
           aria-hidden="true"
      >
      </svg>
    </button>
  </div>
</div>
`;
