exports[`Notification should render 1`] = `
<div
  className="tc-notification-container">
  <div
    className="react-addons-css-transition-group">
    <div
      className="tc-notification tc-notification-info"
      onClick={[Function]}
      onMouseEnter={[Function]}
      onMouseLeave={[Function]}
      role="status"
      tabIndex={2}>
      <button
        className="tc-notification-action .tc-notification-close tc-notification-action .tc-notification-close-default"
        disabled={false}
        onClick={[Function]}
        role={null}
        type="button">
        <svg
          aria-hidden="true"
          className="tc-svg-icon"
          title={null}>
          <use
            xlinkHref="#talend-cross-big" />
        </svg>
        <span>
          
        </span>
      </button>
      <p
        className="tc-notification-message">
        This is a feedback of your operation0, This is a feedback of your operation0
        <button
          className="tc-notification-action tc-notification-message-action tc-notification-action tc-notification-message-action-default"
          disabled={false}
          onClick={[Function]}
          role={null}
          type="button">
          <svg
            aria-hidden="true"
            className="tc-svg-icon"
            title={null}>
            <use
              xlinkHref="#talend-undo" />
          </svg>
          <span>
            UNDO
          </span>
        </button>
      </p>
      <div
        className="tc-notification-timer-bar" />
    </div>
    <div
      className="tc-notification tc-notification-info"
      onClick={[Function]}
      onMouseEnter={[Function]}
      onMouseLeave={[Function]}
      role="status"
      tabIndex={2}>
      <button
        className="tc-notification-action .tc-notification-close tc-notification-action .tc-notification-close-default"
        disabled={false}
        onClick={[Function]}
        role={null}
        type="button">
        <svg
          aria-hidden="true"
          className="tc-svg-icon"
          title={null}>
          <use
            xlinkHref="#talend-cross-big" />
        </svg>
        <span>
          
        </span>
      </button>
      <p
        className="tc-notification-message">
        This is a feedback of your operation1, This is a feedback of your operation1
        <button
          className="tc-notification-action tc-notification-message-action tc-notification-action tc-notification-message-action-default"
          disabled={false}
          onClick={[Function]}
          role={null}
          type="button">
          <svg
            aria-hidden="true"
            className="tc-svg-icon"
            title={null}>
            <use
              xlinkHref="#talend-undo" />
          </svg>
          <span>
            UNDO
          </span>
        </button>
      </p>
      <div
        className="tc-notification-timer-bar" />
    </div>
    <div
      className="undefined tc-notification tc-notification-error"
      onClick={[Function]}
      onMouseEnter={[Function]}
      onMouseLeave={[Function]}
      role="status"
      tabIndex={2}>
      <button
        className="tc-notification-action .tc-notification-close tc-notification-action .tc-notification-close-default"
        disabled={false}
        onClick={[Function]}
        role={null}
        type="button">
        <svg
          aria-hidden="true"
          className="tc-svg-icon"
          title={null}>
          <use
            xlinkHref="#talend-cross-big" />
        </svg>
        <span>
          
        </span>
      </button>
      <p
        className="tc-notification-message">
        This is a feedback of your operation2, This is a feedback of your operation2
      </p>
    </div>
    <div
      className="tc-notification tc-notification-warning"
      onClick={[Function]}
      onMouseEnter={[Function]}
      onMouseLeave={[Function]}
      role="status"
      tabIndex={2}>
      <button
        className="tc-notification-action .tc-notification-close tc-notification-action .tc-notification-close-default"
        disabled={false}
        onClick={[Function]}
        role={null}
        type="button">
        <svg
          aria-hidden="true"
          className="tc-svg-icon"
          title={null}>
          <use
            xlinkHref="#talend-cross-big" />
        </svg>
        <span>
          
        </span>
      </button>
      <p
        className="tc-notification-message">
        This is a feedback of your operation3, This is a feedback of your operation3
        <button
          className="tc-notification-action tc-notification-message-action tc-notification-action tc-notification-message-action-default"
          disabled={false}
          onClick={[Function]}
          role={null}
          type="button">
          <svg
            aria-hidden="true"
            className="tc-svg-icon"
            title={null}>
            <use
              xlinkHref="#talend-undo" />
          </svg>
          <span>
            UNDO
          </span>
        </button>
      </p>
      <div
        className="tc-notification-timer-bar" />
    </div>
  </div>
</div>
`;
